// Jest Snapshot v1, https://goo.gl/fbAQLP

exports[`renders jammer history info correctly 1`] = `
<div
  className="JammerHistory"
>
  <div>
    <div
      className="row"
    >
      <div
        className="col-md-4"
        s={6}
      >
        <button
          className="btn btn-lg btn-danger btn-block"
          disabled={false}
          onClick={[Function]}
          type="button"
          variant="primary"
        >
          Create Song
        </button>
      </div>
    </div>
  </div>
  <div>
    <h2>
      Jammer History
    </h2>
    <div
      className="table-responsive"
    >
      <table
        className="table table-striped table-bordered"
      >
        <thead>
          <tr>
            <td>
              Song Name
            </td>
            <td>
              Privacy
            </td>
            <td>
              Jammers
            </td>
          </tr>
        </thead>
      </table>
    </div>
  </div>
</div>
`;
